// Jest Snapshot v1, https://goo.gl/fbAQLP

exports[`NavBar should match snapshot 1`] = `
ShallowWrapper {
  Symbol(enzyme.__root__): [Circular],
  Symbol(enzyme.__unrendered__): <NavBar
    getData={[MockFunction]}
  />,
  Symbol(enzyme.__renderer__): Object {
    "batchedUpdates": [Function],
    "getNode": [Function],
    "render": [Function],
    "simulateError": [Function],
    "simulateEvent": [Function],
    "unmount": [Function],
  },
  Symbol(enzyme.__node__): Object {
    "instance": null,
    "key": undefined,
    "nodeType": "host",
    "props": Object {
      "children": Array [
        <button
          className="people"
          name="people"
          onClick={[Function]}
        >
          People
        </button>,
        <button
          className="planets"
          name="planets"
          onClick={[Function]}
        >
          Planets
        </button>,
        <button
          className="vehicles"
          name="vehicles"
          onClick={[Function]}
        >
          Vehicles
        </button>,
        <button
          name="favorites"
        >
          Favorites
        </button>,
      ],
      "className": "nav-bar-div",
    },
    "ref": null,
    "rendered": Array [
      Object {
        "instance": null,
        "key": undefined,
        "nodeType": "host",
        "props": Object {
          "children": "People",
          "className": "people",
          "name": "people",
          "onClick": [Function],
        },
        "ref": null,
        "rendered": "People",
        "type": "button",
      },
      Object {
        "instance": null,
        "key": undefined,
        "nodeType": "host",
        "props": Object {
          "children": "Planets",
          "className": "planets",
          "name": "planets",
          "onClick": [Function],
        },
        "ref": null,
        "rendered": "Planets",
        "type": "button",
      },
      Object {
        "instance": null,
        "key": undefined,
        "nodeType": "host",
        "props": Object {
          "children": "Vehicles",
          "className": "vehicles",
          "name": "vehicles",
          "onClick": [Function],
        },
        "ref": null,
        "rendered": "Vehicles",
        "type": "button",
      },
      Object {
        "instance": null,
        "key": undefined,
        "nodeType": "host",
        "props": Object {
          "children": "Favorites",
          "className": undefined,
          "name": "favorites",
        },
        "ref": null,
        "rendered": "Favorites",
        "type": "button",
      },
    ],
    "type": "div",
  },
  Symbol(enzyme.__nodes__): Array [
    Object {
      "instance": null,
      "key": undefined,
      "nodeType": "host",
      "props": Object {
        "children": Array [
          <button
            className="people"
            name="people"
            onClick={[Function]}
          >
            People
          </button>,
          <button
            className="planets"
            name="planets"
            onClick={[Function]}
          >
            Planets
          </button>,
          <button
            className="vehicles"
            name="vehicles"
            onClick={[Function]}
          >
            Vehicles
          </button>,
          <button
            name="favorites"
          >
            Favorites
          </button>,
        ],
        "className": "nav-bar-div",
      },
      "ref": null,
      "rendered": Array [
        Object {
          "instance": null,
          "key": undefined,
          "nodeType": "host",
          "props": Object {
            "children": "People",
            "className": "people",
            "name": "people",
            "onClick": [Function],
          },
          "ref": null,
          "rendered": "People",
          "type": "button",
        },
        Object {
          "instance": null,
          "key": undefined,
          "nodeType": "host",
          "props": Object {
            "children": "Planets",
            "className": "planets",
            "name": "planets",
            "onClick": [Function],
          },
          "ref": null,
          "rendered": "Planets",
          "type": "button",
        },
        Object {
          "instance": null,
          "key": undefined,
          "nodeType": "host",
          "props": Object {
            "children": "Vehicles",
            "className": "vehicles",
            "name": "vehicles",
            "onClick": [Function],
          },
          "ref": null,
          "rendered": "Vehicles",
          "type": "button",
        },
        Object {
          "instance": null,
          "key": undefined,
          "nodeType": "host",
          "props": Object {
            "children": "Favorites",
            "className": undefined,
            "name": "favorites",
          },
          "ref": null,
          "rendered": "Favorites",
          "type": "button",
        },
      ],
      "type": "div",
    },
  ],
  Symbol(enzyme.__options__): Object {
    "adapter": ReactSixteenAdapter {
      "options": Object {
        "enableComponentDidUpdateOnSetState": true,
        "lifecycles": Object {
          "componentDidUpdate": Object {
            "onSetState": true,
          },
          "getDerivedStateFromProps": true,
          "getSnapshotBeforeUpdate": true,
          "setState": Object {
            "skipsComponentDidUpdateOnNullish": true,
          },
        },
      },
    },
  },
}
`;
